66.85.48.6 - - [30/Mar/2020:06:20:12 -0700] "GET /query/home/Public/getQuery.api?dataRegionName=query&query.queryName=study&schemaName=immport.public&query.study_accession~eq=SDY212&query.columns=brief_title%2C%20type%2C%20condition_studied%2C%20brief_description%2C%20actual_start_date%2C%20description%2C%20objectives%2C%20endpoints%2C%20actual_enrollment%2C%20sponsoring_organization&apiVersion=12.3 HTTP/1.1" 200 2577 12 C444E88949D406137EAB475BEBA8D656 "https://test.immunespace.org/project/home/Public/begin.view?SDY=SDY212" "Mozilla/5.0 (Windows NT 10.0; WOW64) AppleWebKit/537.36 (KHTML, like Gecko) Chrome/80.0.3987.87 Safari/537.36" - ?dataRegionName=query&query.queryName=study&schemaName=immport.public&query.study_accession~eq=SDY212&query.columns=brief_title%2C%20type%2C%20condition_studied%2C%20brief_description%2C%20actual_start_date%2C%20description%2C%20objectives%2C%20endpoints%2C%20actual_enrollment%2C%20sponsoring_organization&apiVersion=12.3
66.85.48.6 - - [30/Mar/2020:06:20:12 -0700] "GET /query/home/Public/getQuery.api?dataRegionName=query&query.queryName=study_personnel&schemaName=immport.public&query.sort=study_accession&query.role_in_study~eq=Principal%20Investigator&query.study_accession~eq=SDY212&query.columns=first_name%2C%20last_name&apiVersion=12.3 HTTP/1.1" 200 922 9 C444E88949D406137EAB475BEBA8D656 "https://test.immunespace.org/project/home/Public/begin.view?SDY=SDY212" "Mozilla/5.0 (Windows NT 10.0; WOW64) AppleWebKit/537.36 (KHTML, like Gecko) Chrome/80.0.3987.87 Safari/537.36" - ?dataRegionName=query&query.queryName=study_personnel&schemaName=immport.public&query.sort=study_accession&query.role_in_study~eq=Principal%20Investigator&query.study_accession~eq=SDY212&query.columns=first_name%2C%20last_name&apiVersion=12.3
66.85.48.6 - - [30/Mar/2020:06:20:12 -0700] "GET /query/home/Public/getQuery.api?dataRegionName=query&query.queryName=study_link&schemaName=immport.public&query.study_accession~eq=SDY212&query.value~contains=ncbi.nlm.nih.gov%2Fgeo%2Fquery%2Facc.cgi%3Facc%3DGSE&query.columns=value&apiVersion=12.3 HTTP/1.1" 200 857 10 C444E88949D406137EAB475BEBA8D656 "https://test.immunespace.org/project/home/Public/begin.view?SDY=SDY212" "Mozilla/5.0 (Windows NT 10.0; WOW64) AppleWebKit/537.36 (KHTML, like Gecko) Chrome/80.0.3987.87 Safari/537.36" - ?dataRegionName=query&query.queryName=study_link&schemaName=immport.public&query.study_accession~eq=SDY212&query.value~contains=ncbi.nlm.nih.gov%2Fgeo%2Fquery%2Facc.cgi%3Facc%3DGSE&query.columns=value&apiVersion=12.3
66.85.48.6 - - [30/Mar/2020:06:20:12 -0700] "GET /query/home/Public/getQuery.api?dataRegionName=query&query.queryName=ISC_assoc_studies&schemaName=immport.public&query.columns=study_accession&query.param.%24STUDY=SDY212&apiVersion=12.3&containerFilter=AllFolders HTTP/1.1" 200 848 27 C444E88949D406137EAB475BEBA8D656 "https://test.immunespace.org/project/home/Public/begin.view?SDY=SDY212" "Mozilla/5.0 (Windows NT 10.0; WOW64) AppleWebKit/537.36 (KHTML, like Gecko) Chrome/80.0.3987.87 Safari/537.36" - ?dataRegionName=query&query.queryName=ISC_assoc_studies&schemaName=immport.public&query.columns=study_accession&query.param.%24STUDY=SDY212&apiVersion=12.3&containerFilter=AllFolders
66.85.48.6 - - [30/Mar/2020:06:20:12 -0700] "GET /query/home/Public/getQuery.api?dataRegionName=query&query.queryName=ISC_HIPC_funded_studies&schemaName=immport.public&query.study_accession~eq=SDY212&query.columns=study_accession&apiVersion=12.3 HTTP/1.1" 200 871 13 C444E88949D406137EAB475BEBA8D656 "https://test.immunespace.org/project/home/Public/begin.view?SDY=SDY212" "Mozilla/5.0 (Windows NT 10.0; WOW64) AppleWebKit/537.36 (KHTML, like Gecko) Chrome/80.0.3987.87 Safari/537.36" - ?dataRegionName=query&query.queryName=ISC_HIPC_funded_studies&schemaName=immport.public&query.study_accession~eq=SDY212&query.columns=study_accession&apiVersion=12.3
66.85.48.4 - - [30/Mar/2020:06:20:16 -0700] "POST /login/Studies/SDY1097/logout.view? HTTP/1.1" 302 - 7 DFF01EC9A085C6FDC08357CA9D998E6E "https://test.immunespace.org/project/Studies/SDY1097/begin.view?" "Mozilla/5.0 (Windows NT 10.0; Win64; x64; rv:74.0) Gecko/20100101 Firefox/74.0" - ?
66.85.48.4 - - [30/Mar/2020:06:20:17 -0700] "GET / HTTP/1.1" 200 7364 1 DFF01EC9A085C6FDC08357CA9D998E6E "https://test.immunespace.org/project/Studies/SDY1097/begin.view?" "Mozilla/5.0 (Windows NT 10.0; Win64; x64; rv:74.0) Gecko/20100101 Firefox/74.0" - 
66.85.48.4 - - [30/Mar/2020:06:20:17 -0700] "GET /js/clientapi.min.js HTTP/1.1" 200 104512 1 DFF01EC9A085C6FDC08357CA9D998E6E "https://test.immunespace.org/" "Mozilla/5.0 (Windows NT 10.0; Win64; x64; rv:74.0) Gecko/20100101 Firefox/74.0" - 
66.85.48.4 - - [30/Mar/2020:06:20:17 -0700] "POST /query/home/executeSql.view HTTP/1.1" 200 1135 11 DFF01EC9A085C6FDC08357CA9D998E6E "https://test.immunespace.org/" "Mozilla/5.0 (Windows NT 10.0; Win64; x64; rv:74.0) Gecko/20100101 Firefox/74.0" - 
66.85.48.4 - - [30/Mar/2020:06:20:17 -0700] "GET /query/home/getQuery.view?_dc=1585574380470&dataRegionName=query&query.queryName=Studies&schemaName=lists HTTP/1.1" 200 2042 13 DFF01EC9A085C6FDC08357CA9D998E6E "https://test.immunespace.org/" "Mozilla/5.0 (Windows NT 10.0; Win64; x64; rv:74.0) Gecko/20100101 Firefox/74.0" - ?_dc=1585574380470&dataRegionName=query&query.queryName=Studies&schemaName=lists
66.85.48.4 - - [30/Mar/2020:06:20:17 -0700] "GET /query/home/getQuery.view?_dc=1585574380605&dataRegionName=query&query.queryName=totalSubjectCount&schemaName=immport.public HTTP/1.1" 200 815 23 DFF01EC9A085C6FDC08357CA9D998E6E "https://test.immunespace.org/" "Mozilla/5.0 (Windows NT 10.0; Win64; x64; rv:74.0) Gecko/20100101 Firefox/74.0" - ?_dc=1585574380605&dataRegionName=query&query.queryName=totalSubjectCount&schemaName=immport.public
66.85.48.4 - - [30/Mar/2020:06:20:18 -0700] "GET /query/home/getQuery.view?_dc=1585574380786&dataRegionName=query&query.queryName=aggregateSubjectCount&schemaName=immport.public HTTP/1.1" 200 1115 85 DFF01EC9A085C6FDC08357CA9D998E6E "https://test.immunespace.org/" "Mozilla/5.0 (Windows NT 10.0; Win64; x64; rv:74.0) Gecko/20100101 Firefox/74.0" - ?_dc=1585574380786&dataRegionName=query&query.queryName=aggregateSubjectCount&schemaName=immport.public
66.85.48.6 - - [30/Mar/2020:06:20:19 -0700] "GET /project/home/Public/begin.view?SDY=SDY887 HTTP/1.1" 200 5614 16 C444E88949D406137EAB475BEBA8D656 "-" "Mozilla/5.0 (Windows NT 10.0; WOW64) AppleWebKit/537.36 (KHTML, like Gecko) Chrome/80.0.3987.87 Safari/537.36" - ?SDY=SDY887
66.85.48.6 - - [30/Mar/2020:06:20:19 -0700] "GET /query/home/Public/getQuery.api?dataRegionName=query&query.queryName=study_link&schemaName=immport.public&query.study_accession~eq=SDY887&query.value~contains=ncbi.nlm.nih.gov%2Fgeo%2Fquery%2Facc.cgi%3Facc%3DGSE&query.columns=value&apiVersion=12.3 HTTP/1.1" 200 802 14 C444E88949D406137EAB475BEBA8D656 "https://test.immunespace.org/project/home/Public/begin.view?SDY=SDY887" "Mozilla/5.0 (Windows NT 10.0; WOW64) AppleWebKit/537.36 (KHTML, like Gecko) Chrome/80.0.3987.87 Safari/537.36" - ?dataRegionName=query&query.queryName=study_link&schemaName=immport.public&query.study_accession~eq=SDY887&query.value~contains=ncbi.nlm.nih.gov%2Fgeo%2Fquery%2Facc.cgi%3Facc%3DGSE&query.columns=value&apiVersion=12.3
66.85.48.6 - - [30/Mar/2020:06:20:19 -0700] "GET /query/home/Public/getQuery.api?dataRegionName=query&query.queryName=study&schemaName=immport.public&query.study_accession~eq=SDY887&query.columns=brief_title%2C%20type%2C%20condition_studied%2C%20brief_description%2C%20actual_start_date%2C%20description%2C%20objectives%2C%20endpoints%2C%20actual_enrollment%2C%20sponsoring_organization&apiVersion=12.3 HTTP/1.1" 200 2494 19 C444E88949D406137EAB475BEBA8D656 "https://test.immunespace.org/project/home/Public/begin.view?SDY=SDY887" "Mozilla/5.0 (Windows NT 10.0; WOW64) AppleWebKit/537.36 (KHTML, like Gecko) Chrome/80.0.3987.87 Safari/537.36" - ?dataRegionName=query&query.queryName=study&schemaName=immport.public&query.study_accession~eq=SDY887&query.columns=brief_title%2C%20type%2C%20condition_studied%2C%20brief_description%2C%20actual_start_date%2C%20description%2C%20objectives%2C%20endpoints%2C%20actual_enrollment%2C%20sponsoring_organization&apiVersion=12.3
66.85.48.6 - - [30/Mar/2020:06:20:19 -0700] "GET /query/home/Public/getQuery.api?dataRegionName=query&query.queryName=dimstudyassay&schemaName=immport.public&query.sort=name&query.study~eq=SDY887&query.categorylabel~eq=Raw%20data%20files&query.columns=label%2Cname&apiVersion=12.3 HTTP/1.1" 200 929 13 C444E88949D406137EAB475BEBA8D656 "https://test.immunespace.org/project/home/Public/begin.view?SDY=SDY887" "Mozilla/5.0 (Windows NT 10.0; WOW64) AppleWebKit/537.36 (KHTML, like Gecko) Chrome/80.0.3987.87 Safari/537.36" - ?dataRegionName=query&query.queryName=dimstudyassay&schemaName=immport.public&query.sort=name&query.study~eq=SDY887&query.categorylabel~eq=Raw%20data%20files&query.columns=label%2Cname&apiVersion=12.3
66.85.48.6 - - [30/Mar/2020:06:20:19 -0700] "GET /query/home/Public/getQuery.api?dataRegionName=query&query.queryName=dimstudyassay&schemaName=immport.public&query.sort=name&query.study~eq=SDY887&query.categorylabel~neq=Raw%20data%20files&query.columns=label%2Cname&apiVersion=12.3 HTTP/1.1" 200 962 13 C444E88949D406137EAB475BEBA8D656 "https://test.immunespace.org/project/home/Public/begin.view?SDY=SDY887" "Mozilla/5.0 (Windows NT 10.0; WOW64) AppleWebKit/537.36 (KHTML, like Gecko) Chrome/80.0.3987.87 Safari/537.36" - ?dataRegionName=query&query.queryName=dimstudyassay&schemaName=immport.public&query.sort=name&query.study~eq=SDY887&query.categorylabel~neq=Raw%20data%20files&query.columns=label%2Cname&apiVersion=12.3
66.85.48.6 - - [30/Mar/2020:06:20:19 -0700] "GET /query/home/Public/getQuery.api?dataRegionName=query&query.queryName=study_personnel&schemaName=immport.public&query.sort=study_accession&query.role_in_study~eq=Principal%20Investigator&query.study_accession~eq=SDY887&query.columns=first_name%2C%20last_name&apiVersion=12.3 HTTP/1.1" 200 925 14 C444E88949D406137EAB475BEBA8D656 "https://test.immunespace.org/project/home/Public/begin.view?SDY=SDY887" "Mozilla/5.0 (Windows NT 10.0; WOW64) AppleWebKit/537.36 (KHTML, like Gecko) Chrome/80.0.3987.87 Safari/537.36" - ?dataRegionName=query&query.queryName=study_personnel&schemaName=immport.public&query.sort=study_accession&query.role_in_study~eq=Principal%20Investigator&query.study_accession~eq=SDY887&query.columns=first_name%2C%20last_name&apiVersion=12.3
66.85.48.6 - - [30/Mar/2020:06:20:19 -0700] "GET /query/home/Public/getQuery.api?dataRegionName=query&query.queryName=ISC_assoc_studies&schemaName=immport.public&query.columns=study_accession&query.param.%24STUDY=SDY887&apiVersion=12.3&containerFilter=AllFolders HTTP/1.1" 200 848 32 C444E88949D406137EAB475BEBA8D656 "https://test.immunespace.org/project/home/Public/begin.view?SDY=SDY887" "Mozilla/5.0 (Windows NT 10.0; WOW64) AppleWebKit/537.36 (KHTML, like Gecko) Chrome/80.0.3987.87 Safari/537.36" - ?dataRegionName=query&query.queryName=ISC_assoc_studies&schemaName=immport.public&query.columns=study_accession&query.param.%24STUDY=SDY887&apiVersion=12.3&containerFilter=AllFolders
66.85.48.6 - - [30/Mar/2020:06:20:19 -0700] "GET /query/home/Public/getQuery.api?dataRegionName=query&query.queryName=ISC_HIPC_funded_studies&schemaName=immport.public&query.study_accession~eq=SDY887&query.columns=study_accession&apiVersion=12.3 HTTP/1.1" 200 872 11 C444E88949D406137EAB475BEBA8D656 "https://test.immunespace.org/project/home/Public/begin.view?SDY=SDY887" "Mozilla/5.0 (Windows NT 10.0; WOW64) AppleWebKit/537.36 (KHTML, like Gecko) Chrome/80.0.3987.87 Safari/537.36" - ?dataRegionName=query&query.queryName=ISC_HIPC_funded_studies&schemaName=immport.public&query.study_accession~eq=SDY887&query.columns=study_accession&apiVersion=12.3
66.85.48.4 - - [30/Mar/2020:06:20:19 -0700] "GET /project/home/Public/begin.view?SDY=SDY269 HTTP/1.1" 200 5588 12 DFF01EC9A085C6FDC08357CA9D998E6E "-" "Mozilla/5.0 (Windows NT 10.0; Win64; x64; rv:74.0) Gecko/20100101 Firefox/74.0" - ?SDY=SDY269
66.85.48.4 - - [30/Mar/2020:06:20:20 -0700] "GET /ISCore/PublicStudy.js?688413185 HTTP/1.1" 200 18682 1 DFF01EC9A085C6FDC08357CA9D998E6E "https://test.immunespace.org/project/home/Public/begin.view?SDY=SDY269" "Mozilla/5.0 (Windows NT 10.0; Win64; x64; rv:74.0) Gecko/20100101 Firefox/74.0" - ?688413185
66.85.48.4 - - [30/Mar/2020:06:20:20 -0700] "GET /query/home/Public/getQuery.api?dataRegionName=query&query.queryName=dimstudyassay&schemaName=immport.public&query.sort=name&query.study~eq=SDY269&query.categorylabel~neq=Raw%20data%20files&query.columns=label%2Cname&apiVersion=12.3 HTTP/1.1" 200 1048 8 DFF01EC9A085C6FDC08357CA9D998E6E "https://test.immunespace.org/project/home/Public/begin.view?SDY=SDY269" "Mozilla/5.0 (Windows NT 10.0; Win64; x64; rv:74.0) Gecko/20100101 Firefox/74.0" - ?dataRegionName=query&query.queryName=dimstudyassay&schemaName=immport.public&query.sort=name&query.study~eq=SDY269&query.categorylabel~neq=Raw%20data%20files&query.columns=label%2Cname&apiVersion=12.3
66.85.48.4 - - [30/Mar/2020:06:20:20 -0700] "GET /query/home/Public/getQuery.api?dataRegionName=query&query.queryName=study_personnel&schemaName=immport.public&query.sort=study_accession&query.role_in_study~eq=Principal%20Investigator&query.study_accession~eq=SDY269&query.columns=first_name%2C%20last_name&apiVersion=12.3 HTTP/1.1" 200 921 11 DFF01EC9A085C6FDC08357CA9D998E6E "https://test.immunespace.org/project/home/Public/begin.view?SDY=SDY269" "Mozilla/5.0 (Windows NT 10.0; Win64; x64; rv:74.0) Gecko/20100101 Firefox/74.0" - ?dataRegionName=query&query.queryName=study_personnel&schemaName=immport.public&query.sort=study_accession&query.role_in_study~eq=Principal%20Investigator&query.study_accession~eq=SDY269&query.columns=first_name%2C%20last_name&apiVersion=12.3
66.85.48.4 - - [30/Mar/2020:06:20:20 -0700] "GET /query/home/Public/getQuery.api?dataRegionName=query&query.queryName=dimstudyassay&schemaName=immport.public&query.sort=name&query.study~eq=SDY269&query.categorylabel~eq=Raw%20data%20files&query.columns=label%2Cname&apiVersion=12.3 HTTP/1.1" 200 949 10 DFF01EC9A085C6FDC08357CA9D998E6E "https://test.immunespace.org/project/home/Public/begin.view?SDY=SDY269" "Mozilla/5.0 (Windows NT 10.0; Win64; x64; rv:74.0) Gecko/20100101 Firefox/74.0" - ?dataRegionName=query&query.queryName=dimstudyassay&schemaName=immport.public&query.sort=name&query.study~eq=SDY269&query.categorylabel~eq=Raw%20data%20files&query.columns=label%2Cname&apiVersion=12.3
66.85.48.4 - - [30/Mar/2020:06:20:20 -0700] "GET /query/home/Public/getQuery.api?dataRegionName=query&query.queryName=study&schemaName=immport.public&query.study_accession~eq=SDY269&query.columns=brief_title%2C%20type%2C%20condition_studied%2C%20brief_description%2C%20actual_start_date%2C%20description%2C%20objectives%2C%20endpoints%2C%20actual_enrollment%2C%20sponsoring_organization&apiVersion=12.3 HTTP/1.1" 200 1999 14 DFF01EC9A085C6FDC08357CA9D998E6E "https://test.immunespace.org/project/home/Public/begin.view?SDY=SDY269" "Mozilla/5.0 (Windows NT 10.0; Win64; x64; rv:74.0) Gecko/20100101 Firefox/74.0" - ?dataRegionName=query&query.queryName=study&schemaName=immport.public&query.study_accession~eq=SDY269&query.columns=brief_title%2C%20type%2C%20condition_studied%2C%20brief_description%2C%20actual_start_date%2C%20description%2C%20objectives%2C%20endpoints%2C%20actual_enrollment%2C%20sponsoring_organization&apiVersion=12.3
66.85.48.4 - - [30/Mar/2020:06:20:20 -0700] "GET /query/home/Public/getQuery.api?dataRegionName=query&query.queryName=ISC_assoc_studies&schemaName=immport.public&query.columns=study_accession&query.param.%24STUDY=SDY269&apiVersion=12.3&containerFilter=AllFolders HTTP/1.1" 200 848 30 DFF01EC9A085C6FDC08357CA9D998E6E "https://test.immunespace.org/project/home/Public/begin.view?SDY=SDY269" "Mozilla/5.0 (Windows NT 10.0; Win64; x64; rv:74.0) Gecko/20100101 Firefox/74.0" - ?dataRegionName=query&query.queryName=ISC_assoc_studies&schemaName=immport.public&query.columns=study_accession&query.param.%24STUDY=SDY269&apiVersion=12.3&containerFilter=AllFolders
66.85.48.4 - - [30/Mar/2020:06:20:20 -0700] "GET /query/home/Public/getQuery.api?dataRegionName=query&query.queryName=study_link&schemaName=immport.public&query.study_accession~eq=SDY269&query.value~contains=ncbi.nlm.nih.gov%2Fgeo%2Fquery%2Facc.cgi%3Facc%3DGSE&query.columns=value&apiVersion=12.3 HTTP/1.1" 200 866 12 DFF01EC9A085C6FDC08357CA9D998E6E "https://test.immunespace.org/project/home/Public/begin.view?SDY=SDY269" "Mozilla/5.0 (Windows NT 10.0; Win64; x64; rv:74.0) Gecko/20100101 Firefox/74.0" - ?dataRegionName=query&query.queryName=study_link&schemaName=immport.public&query.study_accession~eq=SDY269&query.value~contains=ncbi.nlm.nih.gov%2Fgeo%2Fquery%2Facc.cgi%3Facc%3DGSE&query.columns=value&apiVersion=12.3
66.85.48.4 - - [30/Mar/2020:06:20:20 -0700] "GET /query/home/Public/getQuery.api?dataRegionName=query&query.queryName=ISC_HIPC_funded_studies&schemaName=immport.public&query.study_accession~eq=SDY269&query.columns=study_accession&apiVersion=12.3 HTTP/1.1" 200 872 12 DFF01EC9A085C6FDC08357CA9D998E6E "https://test.immunespace.org/project/home/Public/begin.view?SDY=SDY269" "Mozilla/5.0 (Windows NT 10.0; Win64; x64; rv:74.0) Gecko/20100101 Firefox/74.0" - ?dataRegionName=query&query.queryName=ISC_HIPC_funded_studies&schemaName=immport.public&query.study_accession~eq=SDY269&query.columns=study_accession&apiVersion=12.3
66.85.48.6 - - [30/Mar/2020:06:20:22 -0700] "GET /project/home/Public/begin.view?SDY=SDY1097 HTTP/1.1" 200 5614 15 C444E88949D406137EAB475BEBA8D656 "-" "Mozilla/5.0 (Windows NT 10.0; WOW64) AppleWebKit/537.36 (KHTML, like Gecko) Chrome/80.0.3987.87 Safari/537.36" - ?SDY=SDY1097
66.85.48.6 - - [30/Mar/2020:06:20:23 -0700] "GET /query/home/Public/getQuery.api?dataRegionName=query&query.queryName=study_personnel&schemaName=immport.public&query.sort=study_accession&query.role_in_study~eq=Principal%20Investigator&query.study_accession~eq=SDY1097&query.columns=first_name%2C%20last_name&apiVersion=12.3 HTTP/1.1" 200 923 11 C444E88949D406137EAB475BEBA8D656 "https://test.immunespace.org/project/home/Public/begin.view?SDY=SDY1097" "Mozilla/5.0 (Windows NT 10.0; WOW64) AppleWebKit/537.36 (KHTML, like Gecko) Chrome/80.0.3987.87 Safari/537.36" - ?dataRegionName=query&query.queryName=study_personnel&schemaName=immport.public&query.sort=study_accession&query.role_in_study~eq=Principal%20Investigator&query.study_accession~eq=SDY1097&query.columns=first_name%2C%20last_name&apiVersion=12.3
66.85.48.6 - - [30/Mar/2020:06:20:23 -0700] "GET /query/home/Public/getQuery.api?dataRegionName=query&query.queryName=study_link&schemaName=immport.public&query.study_accession~eq=SDY1097&query.value~contains=ncbi.nlm.nih.gov%2Fgeo%2Fquery%2Facc.cgi%3Facc%3DGSE&query.columns=value&apiVersion=12.3 HTTP/1.1" 200 802 14 C444E88949D406137EAB475BEBA8D656 "https://test.immunespace.org/project/home/Public/begin.view?SDY=SDY1097" "Mozilla/5.0 (Windows NT 10.0; WOW64) AppleWebKit/537.36 (KHTML, like Gecko) Chrome/80.0.3987.87 Safari/537.36" - ?dataRegionName=query&query.queryName=study_link&schemaName=immport.public&query.study_accession~eq=SDY1097&query.value~contains=ncbi.nlm.nih.gov%2Fgeo%2Fquery%2Facc.cgi%3Facc%3DGSE&query.columns=value&apiVersion=12.3
66.85.48.6 - - [30/Mar/2020:06:20:23 -0700] "GET /query/home/Public/getQuery.api?dataRegionName=query&query.queryName=dimstudyassay&schemaName=immport.public&query.sort=name&query.study~eq=SDY1097&query.categorylabel~neq=Raw%20data%20files&query.columns=label%2Cname&apiVersion=12.3 HTTP/1.1" 200 874 8 C444E88949D406137EAB475BEBA8D656 "https://test.immunespace.org/project/home/Public/begin.view?SDY=SDY1097" "Mozilla/5.0 (Windows NT 10.0; WOW64) AppleWebKit/537.36 (KHTML, like Gecko) Chrome/80.0.3987.87 Safari/537.36" - ?dataRegionName=query&query.queryName=dimstudyassay&schemaName=immport.public&query.sort=name&query.study~eq=SDY1097&query.categorylabel~neq=Raw%20data%20files&query.columns=label%2Cname&apiVersion=12.3
66.85.48.6 - - [30/Mar/2020:06:20:23 -0700] "GET /query/home/Public/getQuery.api?dataRegionName=query&query.queryName=dimstudyassay&schemaName=immport.public&query.sort=name&query.study~eq=SDY1097&query.categorylabel~eq=Raw%20data%20files&query.columns=label%2Cname&apiVersion=12.3 HTTP/1.1" 200 929 12 C444E88949D406137EAB475BEBA8D656 "https://test.immunespace.org/project/home/Public/begin.view?SDY=SDY1097" "Mozilla/5.0 (Windows NT 10.0; WOW64) AppleWebKit/537.36 (KHTML, like Gecko) Chrome/80.0.3987.87 Safari/537.36" - ?dataRegionName=query&query.queryName=dimstudyassay&schemaName=immport.public&query.sort=name&query.study~eq=SDY1097&query.categorylabel~eq=Raw%20data%20files&query.columns=label%2Cname&apiVersion=12.3
66.85.48.6 - - [30/Mar/2020:06:20:23 -0700] "GET /query/home/Public/getQuery.api?dataRegionName=query&query.queryName=study&schemaName=immport.public&query.study_accession~eq=SDY1097&query.columns=brief_title%2C%20type%2C%20condition_studied%2C%20brief_description%2C%20actual_start_date%2C%20description%2C%20objectives%2C%20endpoints%2C%20actual_enrollment%2C%20sponsoring_organization&apiVersion=12.3 HTTP/1.1" 200 2343 12 C444E88949D406137EAB475BEBA8D656 "https://test.immunespace.org/project/home/Public/begin.view?SDY=SDY1097" "Mozilla/5.0 (Windows NT 10.0; WOW64) AppleWebKit/537.36 (KHTML, like Gecko) Chrome/80.0.3987.87 Safari/537.36" - ?dataRegionName=query&query.queryName=study&schemaName=immport.public&query.study_accession~eq=SDY1097&query.columns=brief_title%2C%20type%2C%20condition_studied%2C%20brief_description%2C%20actual_start_date%2C%20description%2C%20objectives%2C%20endpoints%2C%20actual_enrollment%2C%20sponsoring_organization&apiVersion=12.3
66.85.48.6 - - [30/Mar/2020:06:20:23 -0700] "GET /query/home/Public/getQuery.api?dataRegionName=query&query.queryName=ISC_assoc_studies&schemaName=immport.public&query.columns=study_accession&query.param.%24STUDY=SDY1097&apiVersion=12.3&containerFilter=AllFolders HTTP/1.1" 200 848 32 C444E88949D406137EAB475BEBA8D656 "https://test.immunespace.org/project/home/Public/begin.view?SDY=SDY1097" "Mozilla/5.0 (Windows NT 10.0; WOW64) AppleWebKit/537.36 (KHTML, like Gecko) Chrome/80.0.3987.87 Safari/537.36" - ?dataRegionName=query&query.queryName=ISC_assoc_studies&schemaName=immport.public&query.columns=study_accession&query.param.%24STUDY=SDY1097&apiVersion=12.3&containerFilter=AllFolders
66.85.48.6 - - [30/Mar/2020:06:20:23 -0700] "GET /query/home/Public/getQuery.api?dataRegionName=query&query.queryName=ISC_HIPC_funded_studies&schemaName=immport.public&query.study_accession~eq=SDY1097&query.columns=study_accession&apiVersion=12.3 HTTP/1.1" 200 853 12 C444E88949D406137EAB475BEBA8D656 "https://test.immunespace.org/project/home/Public/begin.view?SDY=SDY1097" "Mozilla/5.0 (Windows NT 10.0; WOW64) AppleWebKit/537.36 (KHTML, like Gecko) Chrome/80.0.3987.87 Safari/537.36" - ?dataRegionName=query&query.queryName=ISC_HIPC_funded_studies&schemaName=immport.public&query.study_accession~eq=SDY1097&query.columns=study_accession&apiVersion=12.3
66.85.48.4 - - [30/Mar/2020:06:20:24 -0700] "GET /project/home/Public/begin.view?SDY=SDY212 HTTP/1.1" 200 5586 13 DFF01EC9A085C6FDC08357CA9D998E6E "-" "Mozilla/5.0 (Windows NT 10.0; Win64; x64; rv:74.0) Gecko/20100101 Firefox/74.0" - ?SDY=SDY212
66.85.48.4 - - [30/Mar/2020:06:20:25 -0700] "GET /query/home/Public/getQuery.api?dataRegionName=query&query.queryName=dimstudyassay&schemaName=immport.public&query.sort=name&query.study~eq=SDY212&query.categorylabel~neq=Raw%20data%20files&query.columns=label%2Cname&apiVersion=12.3 HTTP/1.1" 200 951 9 DFF01EC9A085C6FDC08357CA9D998E6E "https://test.immunespace.org/project/home/Public/begin.view?SDY=SDY212" "Mozilla/5.0 (Windows NT 10.0; Win64; x64; rv:74.0) Gecko/20100101 Firefox/74.0" - ?dataRegionName=query&query.queryName=dimstudyassay&schemaName=immport.public&query.sort=name&query.study~eq=SDY212&query.categorylabel~neq=Raw%20data%20files&query.columns=label%2Cname&apiVersion=12.3
66.85.48.4 - - [30/Mar/2020:06:20:25 -0700] "GET /query/home/Public/getQuery.api?dataRegionName=query&query.queryName=study_link&schemaName=immport.public&query.study_accession~eq=SDY212&query.value~contains=ncbi.nlm.nih.gov%2Fgeo%2Fquery%2Facc.cgi%3Facc%3DGSE&query.columns=value&apiVersion=12.3 HTTP/1.1" 200 857 10 DFF01EC9A085C6FDC08357CA9D998E6E "https://test.immunespace.org/project/home/Public/begin.view?SDY=SDY212" "Mozilla/5.0 (Windows NT 10.0; Win64; x64; rv:74.0) Gecko/20100101 Firefox/74.0" - ?dataRegionName=query&query.queryName=study_link&schemaName=immport.public&query.study_accession~eq=SDY212&query.value~contains=ncbi.nlm.nih.gov%2Fgeo%2Fquery%2Facc.cgi%3Facc%3DGSE&query.columns=value&apiVersion=12.3
66.85.48.4 - - [30/Mar/2020:06:20:25 -0700] "GET /query/home/Public/getQuery.api?dataRegionName=query&query.queryName=study_personnel&schemaName=immport.public&query.sort=study_accession&query.role_in_study~eq=Principal%20Investigator&query.study_accession~eq=SDY212&query.columns=first_name%2C%20last_name&apiVersion=12.3 HTTP/1.1" 200 922 10 DFF01EC9A085C6FDC08357CA9D998E6E "https://test.immunespace.org/project/home/Public/begin.view?SDY=SDY212" "Mozilla/5.0 (Windows NT 10.0; Win64; x64; rv:74.0) Gecko/20100101 Firefox/74.0" - ?dataRegionName=query&query.queryName=study_personnel&schemaName=immport.public&query.sort=study_accession&query.role_in_study~eq=Principal%20Investigator&query.study_accession~eq=SDY212&query.columns=first_name%2C%20last_name&apiVersion=12.3
66.85.48.4 - - [30/Mar/2020:06:20:25 -0700] "GET /query/home/Public/getQuery.api?dataRegionName=query&query.queryName=dimstudyassay&schemaName=immport.public&query.sort=name&query.study~eq=SDY212&query.categorylabel~eq=Raw%20data%20files&query.columns=label%2Cname&apiVersion=12.3 HTTP/1.1" 200 961 15 DFF01EC9A085C6FDC08357CA9D998E6E "https://test.immunespace.org/project/home/Public/begin.view?SDY=SDY212" "Mozilla/5.0 (Windows NT 10.0; Win64; x64; rv:74.0) Gecko/20100101 Firefox/74.0" - ?dataRegionName=query&query.queryName=dimstudyassay&schemaName=immport.public&query.sort=name&query.study~eq=SDY212&query.categorylabel~eq=Raw%20data%20files&query.columns=label%2Cname&apiVersion=12.3
66.85.48.4 - - [30/Mar/2020:06:20:25 -0700] "GET /query/home/Public/getQuery.api?dataRegionName=query&query.queryName=study&schemaName=immport.public&query.study_accession~eq=SDY212&query.columns=brief_title%2C%20type%2C%20condition_studied%2C%20brief_description%2C%20actual_start_date%2C%20description%2C%20objectives%2C%20endpoints%2C%20actual_enrollment%2C%20sponsoring_organization&apiVersion=12.3 HTTP/1.1" 200 2577 17 DFF01EC9A085C6FDC08357CA9D998E6E "https://test.immunespace.org/project/home/Public/begin.view?SDY=SDY212" "Mozilla/5.0 (Windows NT 10.0; Win64; x64; rv:74.0) Gecko/20100101 Firefox/74.0" - ?dataRegionName=query&query.queryName=study&schemaName=immport.public&query.study_accession~eq=SDY212&query.columns=brief_title%2C%20type%2C%20condition_studied%2C%20brief_description%2C%20actual_start_date%2C%20description%2C%20objectives%2C%20endpoints%2C%20actual_enrollment%2C%20sponsoring_organization&apiVersion=12.3
66.85.48.4 - - [30/Mar/2020:06:20:25 -0700] "GET /query/home/Public/getQuery.api?dataRegionName=query&query.queryName=ISC_assoc_studies&schemaName=immport.public&query.columns=study_accession&query.param.%24STUDY=SDY212&apiVersion=12.3&containerFilter=AllFolders HTTP/1.1" 200 848 32 DFF01EC9A085C6FDC08357CA9D998E6E "https://test.immunespace.org/project/home/Public/begin.view?SDY=SDY212" "Mozilla/5.0 (Windows NT 10.0; Win64; x64; rv:74.0) Gecko/20100101 Firefox/74.0" - ?dataRegionName=query&query.queryName=ISC_assoc_studies&schemaName=immport.public&query.columns=study_accession&query.param.%24STUDY=SDY212&apiVersion=12.3&containerFilter=AllFolders
66.85.48.4 - - [30/Mar/2020:06:20:25 -0700] "GET /query/home/Public/getQuery.api?dataRegionName=query&query.queryName=ISC_HIPC_funded_studies&schemaName=immport.public&query.study_accession~eq=SDY212&query.columns=study_accession&apiVersion=12.3 HTTP/1.1" 200 871 12 DFF01EC9A085C6FDC08357CA9D998E6E "https://test.immunespace.org/project/home/Public/begin.view?SDY=SDY212" "Mozilla/5.0 (Windows NT 10.0; Win64; x64; rv:74.0) Gecko/20100101 Firefox/74.0" - ?dataRegionName=query&query.queryName=ISC_HIPC_funded_studies&schemaName=immport.public&query.study_accession~eq=SDY212&query.columns=study_accession&apiVersion=12.3
66.85.48.6 - - [30/Mar/2020:06:20:27 -0700] "GET /project/Studies/SDY269/begin.view?pageId=study.PARTICIPANTS HTTP/1.1" 302 - 2 C444E88949D406137EAB475BEBA8D656 "-" "Mozilla/5.0 (Windows NT 10.0; WOW64) AppleWebKit/537.36 (KHTML, like Gecko) Chrome/80.0.3987.87 Safari/537.36" - ?pageId=study.PARTICIPANTS
66.85.48.6 - - [30/Mar/2020:06:20:27 -0700] "GET /login/Studies/SDY269/login.view?returnUrl=%2Fproject%2FStudies%2FSDY269%2Fbegin.view%3FpageId%3Dstudy.PARTICIPANTS HTTP/1.1" 200 4914 9 C444E88949D406137EAB475BEBA8D656 "-" "Mozilla/5.0 (Windows NT 10.0; WOW64) AppleWebKit/537.36 (KHTML, like Gecko) Chrome/80.0.3987.87 Safari/537.36" - ?returnUrl=%2Fproject%2FStudies%2FSDY269%2Fbegin.view%3FpageId%3Dstudy.PARTICIPANTS
66.85.48.6 - - [30/Mar/2020:06:20:27 -0700] "GET /login.css HTTP/1.1" 200 1077 1 C444E88949D406137EAB475BEBA8D656 "https://test.immunespace.org/login/Studies/SDY269/login.view?returnUrl=%2Fproject%2FStudies%2FSDY269%2Fbegin.view%3FpageId%3Dstudy.PARTICIPANTS" "Mozilla/5.0 (Windows NT 10.0; WOW64) AppleWebKit/537.36 (KHTML, like Gecko) Chrome/80.0.3987.87 Safari/537.36" - 
66.85.48.6 - - [30/Mar/2020:06:20:27 -0700] "GET /login.js?688413185 HTTP/1.1" 200 9366 1 C444E88949D406137EAB475BEBA8D656 "https://test.immunespace.org/login/Studies/SDY269/login.view?returnUrl=%2Fproject%2FStudies%2FSDY269%2Fbegin.view%3FpageId%3Dstudy.PARTICIPANTS" "Mozilla/5.0 (Windows NT 10.0; WOW64) AppleWebKit/537.36 (KHTML, like Gecko) Chrome/80.0.3987.87 Safari/537.36" - ?688413185
66.85.48.4 - - [30/Mar/2020:06:20:30 -0700] "GET /project/home/Public/begin.view?SDY=SDY887 HTTP/1.1" 200 5587 445 DFF01EC9A085C6FDC08357CA9D998E6E "-" "Mozilla/5.0 (Windows NT 10.0; Win64; x64; rv:74.0) Gecko/20100101 Firefox/74.0" - ?SDY=SDY887
66.85.48.4 - - [30/Mar/2020:06:20:35 -0700] "GET /query/home/Public/getQuery.api?dataRegionName=query&query.queryName=dimstudyassay&schemaName=immport.public&query.sort=name&query.study~eq=SDY887&query.categorylabel~neq=Raw%20data%20files&query.columns=label%2Cname&apiVersion=12.3 HTTP/1.1" 200 962 4601 DFF01EC9A085C6FDC08357CA9D998E6E "https://test.immunespace.org/project/home/Public/begin.view?SDY=SDY887" "Mozilla/5.0 (Windows NT 10.0; Win64; x64; rv:74.0) Gecko/20100101 Firefox/74.0" - ?dataRegionName=query&query.queryName=dimstudyassay&schemaName=immport.public&query.sort=name&query.study~eq=SDY887&query.categorylabel~neq=Raw%20data%20files&query.columns=label%2Cname&apiVersion=12.3
66.85.48.4 - - [30/Mar/2020:06:20:35 -0700] "GET /query/home/Public/getQuery.api?dataRegionName=query&query.queryName=study_link&schemaName=immport.public&query.study_accession~eq=SDY887&query.value~contains=ncbi.nlm.nih.gov%2Fgeo%2Fquery%2Facc.cgi%3Facc%3DGSE&query.columns=value&apiVersion=12.3 HTTP/1.1" 200 802 4601 DFF01EC9A085C6FDC08357CA9D998E6E "https://test.immunespace.org/project/home/Public/begin.view?SDY=SDY887" "Mozilla/5.0 (Windows NT 10.0; Win64; x64; rv:74.0) Gecko/20100101 Firefox/74.0" - ?dataRegionName=query&query.queryName=study_link&schemaName=immport.public&query.study_accession~eq=SDY887&query.value~contains=ncbi.nlm.nih.gov%2Fgeo%2Fquery%2Facc.cgi%3Facc%3DGSE&query.columns=value&apiVersion=12.3
66.85.48.4 - - [30/Mar/2020:06:20:35 -0700] "GET /query/home/Public/getQuery.api?dataRegionName=query&query.queryName=study_personnel&schemaName=immport.public&query.sort=study_accession&query.role_in_study~eq=Principal%20Investigator&query.study_accession~eq=SDY887&query.columns=first_name%2C%20last_name&apiVersion=12.3 HTTP/1.1" 200 925 4600 DFF01EC9A085C6FDC08357CA9D998E6E "https://test.immunespace.org/project/home/Public/begin.view?SDY=SDY887" "Mozilla/5.0 (Windows NT 10.0; Win64; x64; rv:74.0) Gecko/20100101 Firefox/74.0" - ?dataRegionName=query&query.queryName=study_personnel&schemaName=immport.public&query.sort=study_accession&query.role_in_study~eq=Principal%20Investigator&query.study_accession~eq=SDY887&query.columns=first_name%2C%20last_name&apiVersion=12.3
66.85.48.4 - - [30/Mar/2020:06:20:35 -0700] "GET /query/home/Public/getQuery.api?dataRegionName=query&query.queryName=ISC_assoc_studies&schemaName=immport.public&query.columns=study_accession&query.param.%24STUDY=SDY887&apiVersion=12.3&containerFilter=AllFolders HTTP/1.1" 200 848 4603 DFF01EC9A085C6FDC08357CA9D998E6E "https://test.immunespace.org/project/home/Public/begin.view?SDY=SDY887" "Mozilla/5.0 (Windows NT 10.0; Win64; x64; rv:74.0) Gecko/20100101 Firefox/74.0" - ?dataRegionName=query&query.queryName=ISC_assoc_studies&schemaName=immport.public&query.columns=study_accession&query.param.%24STUDY=SDY887&apiVersion=12.3&containerFilter=AllFolders
66.85.48.4 - - [30/Mar/2020:06:20:35 -0700] "GET /query/home/Public/getQuery.api?dataRegionName=query&query.queryName=study&schemaName=immport.public&query.study_accession~eq=SDY887&query.columns=brief_title%2C%20type%2C%20condition_studied%2C%20brief_description%2C%20actual_start_date%2C%20description%2C%20objectives%2C%20endpoints%2C%20actual_enrollment%2C%20sponsoring_organization&apiVersion=12.3 HTTP/1.1" 200 2494 4602 DFF01EC9A085C6FDC08357CA9D998E6E "https://test.immunespace.org/project/home/Public/begin.view?SDY=SDY887" "Mozilla/5.0 (Windows NT 10.0; Win64; x64; rv:74.0) Gecko/20100101 Firefox/74.0" - ?dataRegionName=query&query.queryName=study&schemaName=immport.public&query.study_accession~eq=SDY887&query.columns=brief_title%2C%20type%2C%20condition_studied%2C%20brief_description%2C%20actual_start_date%2C%20description%2C%20objectives%2C%20endpoints%2C%20actual_enrollment%2C%20sponsoring_organization&apiVersion=12.3
66.85.48.4 - - [30/Mar/2020:06:20:35 -0700] "GET /query/home/Public/getQuery.api?dataRegionName=query&query.queryName=dimstudyassay&schemaName=immport.public&query.sort=name&query.study~eq=SDY887&query.categorylabel~eq=Raw%20data%20files&query.columns=label%2Cname&apiVersion=12.3 HTTP/1.1" 200 929 4603 DFF01EC9A085C6FDC08357CA9D998E6E "https://test.immunespace.org/project/home/Public/begin.view?SDY=SDY887" "Mozilla/5.0 (Windows NT 10.0; Win64; x64; rv:74.0) Gecko/20100101 Firefox/74.0" - ?dataRegionName=query&query.queryName=dimstudyassay&schemaName=immport.public&query.sort=name&query.study~eq=SDY887&query.categorylabel~eq=Raw%20data%20files&query.columns=label%2Cname&apiVersion=12.3
66.85.48.4 - - [30/Mar/2020:06:20:35 -0700] "GET /query/home/Public/getQuery.api?dataRegionName=query&query.queryName=ISC_HIPC_funded_studies&schemaName=immport.public&query.study_accession~eq=SDY887&query.columns=study_accession&apiVersion=12.3 HTTP/1.1" 200 872 16 DFF01EC9A085C6FDC08357CA9D998E6E "https://test.immunespace.org/project/home/Public/begin.view?SDY=SDY887" "Mozilla/5.0 (Windows NT 10.0; Win64; x64; rv:74.0) Gecko/20100101 Firefox/74.0" - ?dataRegionName=query&query.queryName=ISC_HIPC_funded_studies&schemaName=immport.public&query.study_accession~eq=SDY887&query.columns=study_accession&apiVersion=12.3
66.85.48.6 - - [30/Mar/2020:06:20:36 -0700] "POST /login/Studies/SDY269/loginApi.api HTTP/1.1" 200 648 2501 9D120F4944EC83EC2CBA1286AB8D1088 "https://test.immunespace.org/login/Studies/SDY269/login.view?returnUrl=%2Fproject%2FStudies%2FSDY269%2Fbegin.view%3FpageId%3Dstudy.PARTICIPANTS" "Mozilla/5.0 (Windows NT 10.0; WOW64) AppleWebKit/537.36 (KHTML, like Gecko) Chrome/80.0.3987.87 Safari/537.36" jkim2345@fredhutch.org 
66.85.48.4 - - [30/Mar/2020:06:20:39 -0700] "GET /project/home/Public/begin.view?SDY=SDY1097 HTTP/1.1" 200 5589 212 DFF01EC9A085C6FDC08357CA9D998E6E "-" "Mozilla/5.0 (Windows NT 10.0; Win64; x64; rv:74.0) Gecko/20100101 Firefox/74.0" - ?SDY=SDY1097
66.85.48.6 - - [30/Mar/2020:06:20:39 -0700] "GET /project/Studies/SDY269/begin.view?pageId=study.PARTICIPANTS HTTP/1.1" 200 21949 3018 9D120F4944EC83EC2CBA1286AB8D1088 "https://test.immunespace.org/login/Studies/SDY269/login.view?returnUrl=%2Fproject%2FStudies%2FSDY269%2Fbegin.view%3FpageId%3Dstudy.PARTICIPANTS" "Mozilla/5.0 (Windows NT 10.0; WOW64) AppleWebKit/537.36 (KHTML, like Gecko) Chrome/80.0.3987.87 Safari/537.36" jkim2345@fredhutch.org ?pageId=study.PARTICIPANTS
66.85.48.6 - - [30/Mar/2020:06:20:39 -0700] "GET /vis/ColumnVisualizationAnalytics.css HTTP/1.1" 200 640 1 9D120F4944EC83EC2CBA1286AB8D1088 "https://test.immunespace.org/project/Studies/SDY269/begin.view?pageId=study.PARTICIPANTS" "Mozilla/5.0 (Windows NT 10.0; WOW64) AppleWebKit/537.36 (KHTML, like Gecko) Chrome/80.0.3987.87 Safari/537.36" jkim2345@fredhutch.org 
66.85.48.6 - - [30/Mar/2020:06:20:39 -0700] "GET /query/ColumnSummaryStatistics.css HTTP/1.1" 200 768 0 9D120F4944EC83EC2CBA1286AB8D1088 "https://test.immunespace.org/project/Studies/SDY269/begin.view?pageId=study.PARTICIPANTS" "Mozilla/5.0 (Windows NT 10.0; WOW64) AppleWebKit/537.36 (KHTML, like Gecko) Chrome/80.0.3987.87 Safari/537.36" jkim2345@fredhutch.org 
66.85.48.6 - - [30/Mar/2020:06:20:39 -0700] "GET /ISCore/ButtonBarNavigation.js?688413185 HTTP/1.1" 200 880 0 9D120F4944EC83EC2CBA1286AB8D1088 "https://test.immunespace.org/project/Studies/SDY269/begin.view?pageId=study.PARTICIPANTS" "Mozilla/5.0 (Windows NT 10.0; WOW64) AppleWebKit/537.36 (KHTML, like Gecko) Chrome/80.0.3987.87 Safari/537.36" jkim2345@fredhutch.org ?688413185
66.85.48.4 - - [30/Mar/2020:06:20:40 -0700] "GET /query/home/Public/getQuery.api?dataRegionName=query&query.queryName=dimstudyassay&schemaName=immport.public&query.sort=name&query.study~eq=SDY1097&query.categorylabel~neq=Raw%20data%20files&query.columns=label%2Cname&apiVersion=12.3 HTTP/1.1" 200 874 10 DFF01EC9A085C6FDC08357CA9D998E6E "https://test.immunespace.org/project/home/Public/begin.view?SDY=SDY1097" "Mozilla/5.0 (Windows NT 10.0; Win64; x64; rv:74.0) Gecko/20100101 Firefox/74.0" - ?dataRegionName=query&query.queryName=dimstudyassay&schemaName=immport.public&query.sort=name&query.study~eq=SDY1097&query.categorylabel~neq=Raw%20data%20files&query.columns=label%2Cname&apiVersion=12.3
66.85.48.4 - - [30/Mar/2020:06:20:40 -0700] "GET /query/home/Public/getQuery.api?dataRegionName=query&query.queryName=study_link&schemaName=immport.public&query.study_accession~eq=SDY1097&query.value~contains=ncbi.nlm.nih.gov%2Fgeo%2Fquery%2Facc.cgi%3Facc%3DGSE&query.columns=value&apiVersion=12.3 HTTP/1.1" 200 802 10 DFF01EC9A085C6FDC08357CA9D998E6E "https://test.immunespace.org/project/home/Public/begin.view?SDY=SDY1097" "Mozilla/5.0 (Windows NT 10.0; Win64; x64; rv:74.0) Gecko/20100101 Firefox/74.0" - ?dataRegionName=query&query.queryName=study_link&schemaName=immport.public&query.study_accession~eq=SDY1097&query.value~contains=ncbi.nlm.nih.gov%2Fgeo%2Fquery%2Facc.cgi%3Facc%3DGSE&query.columns=value&apiVersion=12.3
66.85.48.4 - - [30/Mar/2020:06:20:40 -0700] "GET /query/home/Public/getQuery.api?dataRegionName=query&query.queryName=study_personnel&schemaName=immport.public&query.sort=study_accession&query.role_in_study~eq=Principal%20Investigator&query.study_accession~eq=SDY1097&query.columns=first_name%2C%20last_name&apiVersion=12.3 HTTP/1.1" 200 923 10 DFF01EC9A085C6FDC08357CA9D998E6E "https://test.immunespace.org/project/home/Public/begin.view?SDY=SDY1097" "Mozilla/5.0 (Windows NT 10.0; Win64; x64; rv:74.0) Gecko/20100101 Firefox/74.0" - ?dataRegionName=query&query.queryName=study_personnel&schemaName=immport.public&query.sort=study_accession&query.role_in_study~eq=Principal%20Investigator&query.study_accession~eq=SDY1097&query.columns=first_name%2C%20last_name&apiVersion=12.3
66.85.48.4 - - [30/Mar/2020:06:20:40 -0700] "GET /query/home/Public/getQuery.api?dataRegionName=query&query.queryName=dimstudyassay&schemaName=immport.public&query.sort=name&query.study~eq=SDY1097&query.categorylabel~eq=Raw%20data%20files&query.columns=label%2Cname&apiVersion=12.3 HTTP/1.1" 200 929 8 DFF01EC9A085C6FDC08357CA9D998E6E "https://test.immunespace.org/project/home/Public/begin.view?SDY=SDY1097" "Mozilla/5.0 (Windows NT 10.0; Win64; x64; rv:74.0) Gecko/20100101 Firefox/74.0" - ?dataRegionName=query&query.queryName=dimstudyassay&schemaName=immport.public&query.sort=name&query.study~eq=SDY1097&query.categorylabel~eq=Raw%20data%20files&query.columns=label%2Cname&apiVersion=12.3
66.85.48.4 - - [30/Mar/2020:06:20:40 -0700] "GET /query/home/Public/getQuery.api?dataRegionName=query&query.queryName=study&schemaName=immport.public&query.study_accession~eq=SDY1097&query.columns=brief_title%2C%20type%2C%20condition_studied%2C%20brief_description%2C%20actual_start_date%2C%20description%2C%20objectives%2C%20endpoints%2C%20actual_enrollment%2C%20sponsoring_organization&apiVersion=12.3 HTTP/1.1" 200 2343 14 DFF01EC9A085C6FDC08357CA9D998E6E "https://test.immunespace.org/project/home/Public/begin.view?SDY=SDY1097" "Mozilla/5.0 (Windows NT 10.0; Win64; x64; rv:74.0) Gecko/20100101 Firefox/74.0" - ?dataRegionName=query&query.queryName=study&schemaName=immport.public&query.study_accession~eq=SDY1097&query.columns=brief_title%2C%20type%2C%20condition_studied%2C%20brief_description%2C%20actual_start_date%2C%20description%2C%20objectives%2C%20endpoints%2C%20actual_enrollment%2C%20sponsoring_organization&apiVersion=12.3
66.85.48.4 - - [30/Mar/2020:06:20:40 -0700] "GET /query/home/Public/getQuery.api?dataRegionName=query&query.queryName=ISC_assoc_studies&schemaName=immport.public&query.columns=study_accession&query.param.%24STUDY=SDY1097&apiVersion=12.3&containerFilter=AllFolders HTTP/1.1" 200 848 32 DFF01EC9A085C6FDC08357CA9D998E6E "https://test.immunespace.org/project/home/Public/begin.view?SDY=SDY1097" "Mozilla/5.0 (Windows NT 10.0; Win64; x64; rv:74.0) Gecko/20100101 Firefox/74.0" - ?dataRegionName=query&query.queryName=ISC_assoc_studies&schemaName=immport.public&query.columns=study_accession&query.param.%24STUDY=SDY1097&apiVersion=12.3&containerFilter=AllFolders
66.85.48.4 - - [30/Mar/2020:06:20:40 -0700] "GET /query/home/Public/getQuery.api?dataRegionName=query&query.queryName=ISC_HIPC_funded_studies&schemaName=immport.public&query.study_accession~eq=SDY1097&query.columns=study_accession&apiVersion=12.3 HTTP/1.1" 200 853 12 DFF01EC9A085C6FDC08357CA9D998E6E "https://test.immunespace.org/project/home/Public/begin.view?SDY=SDY1097" "Mozilla/5.0 (Windows NT 10.0; Win64; x64; rv:74.0) Gecko/20100101 Firefox/74.0" - ?dataRegionName=query&query.queryName=ISC_HIPC_funded_studies&schemaName=immport.public&query.study_accession~eq=SDY1097&query.columns=study_accession&apiVersion=12.3
66.85.48.6 - - [30/Mar/2020:06:20:40 -0700] "GET /_websocket/notifications HTTP/1.1" 101 - 1 9D120F4944EC83EC2CBA1286AB8D1088 "-" "Mozilla/5.0 (Windows NT 10.0; WOW64) AppleWebKit/537.36 (KHTML, like Gecko) Chrome/80.0.3987.87 Safari/537.36" jkim2345@fredhutch.org 
66.85.48.4 - - [30/Mar/2020:06:20:44 -0700] "GET /project/Studies/SDY269/begin.view?pageId=study.PARTICIPANTS HTTP/1.1" 302 - 2 DFF01EC9A085C6FDC08357CA9D998E6E "-" "Mozilla/5.0 (Windows NT 10.0; Win64; x64; rv:74.0) Gecko/20100101 Firefox/74.0" - ?pageId=study.PARTICIPANTS
66.85.48.4 - - [30/Mar/2020:06:20:45 -0700] "GET /login/Studies/SDY269/login.view?returnUrl=%2Fproject%2FStudies%2FSDY269%2Fbegin.view%3FpageId%3Dstudy.PARTICIPANTS HTTP/1.1" 200 4885 9 DFF01EC9A085C6FDC08357CA9D998E6E "-" "Mozilla/5.0 (Windows NT 10.0; Win64; x64; rv:74.0) Gecko/20100101 Firefox/74.0" - ?returnUrl=%2Fproject%2FStudies%2FSDY269%2Fbegin.view%3FpageId%3Dstudy.PARTICIPANTS
66.85.48.4 - - [30/Mar/2020:06:20:45 -0700] "GET /login.css HTTP/1.1" 200 1077 1 DFF01EC9A085C6FDC08357CA9D998E6E "https://test.immunespace.org/login/Studies/SDY269/login.view?returnUrl=%2Fproject%2FStudies%2FSDY269%2Fbegin.view%3FpageId%3Dstudy.PARTICIPANTS" "Mozilla/5.0 (Windows NT 10.0; Win64; x64; rv:74.0) Gecko/20100101 Firefox/74.0" - 
66.85.48.4 - - [30/Mar/2020:06:20:45 -0700] "GET /login.js?688413185 HTTP/1.1" 200 9366 1 DFF01EC9A085C6FDC08357CA9D998E6E "https://test.immunespace.org/login/Studies/SDY269/login.view?returnUrl=%2Fproject%2FStudies%2FSDY269%2Fbegin.view%3FpageId%3Dstudy.PARTICIPANTS" "Mozilla/5.0 (Windows NT 10.0; Win64; x64; rv:74.0) Gecko/20100101 Firefox/74.0" - ?688413185
66.85.48.4 - - [30/Mar/2020:06:20:48 -0700] "POST /login/Studies/SDY269/loginApi.api HTTP/1.1" 200 648 215 0FDEEF4A9C61761545C5F6BF66B85F0A "https://test.immunespace.org/login/Studies/SDY269/login.view?returnUrl=%2Fproject%2FStudies%2FSDY269%2Fbegin.view%3FpageId%3Dstudy.PARTICIPANTS" "Mozilla/5.0 (Windows NT 10.0; Win64; x64; rv:74.0) Gecko/20100101 Firefox/74.0" jkim2345@fredhutch.org 
66.85.48.4 - - [30/Mar/2020:06:20:48 -0700] "GET /project/Studies/SDY269/begin.view?pageId=study.PARTICIPANTS HTTP/1.1" 200 21923 92 0FDEEF4A9C61761545C5F6BF66B85F0A "https://test.immunespace.org/login/Studies/SDY269/login.view?returnUrl=%2Fproject%2FStudies%2FSDY269%2Fbegin.view%3FpageId%3Dstudy.PARTICIPANTS" "Mozilla/5.0 (Windows NT 10.0; Win64; x64; rv:74.0) Gecko/20100101 Firefox/74.0" jkim2345@fredhutch.org ?pageId=study.PARTICIPANTS
66.85.48.4 - - [30/Mar/2020:06:20:48 -0700] "GET /vis/ColumnVisualizationAnalytics.css HTTP/1.1" 200 640 1 0FDEEF4A9C61761545C5F6BF66B85F0A "https://test.immunespace.org/project/Studies/SDY269/begin.view?pageId=study.PARTICIPANTS" "Mozilla/5.0 (Windows NT 10.0; Win64; x64; rv:74.0) Gecko/20100101 Firefox/74.0" jkim2345@fredhutch.org 
66.85.48.4 - - [30/Mar/2020:06:20:48 -0700] "GET /query/ColumnSummaryStatistics.css HTTP/1.1" 200 768 1 0FDEEF4A9C61761545C5F6BF66B85F0A "https://test.immunespace.org/project/Studies/SDY269/begin.view?pageId=study.PARTICIPANTS" "Mozilla/5.0 (Windows NT 10.0; Win64; x64; rv:74.0) Gecko/20100101 Firefox/74.0" jkim2345@fredhutch.org 
66.85.48.4 - - [30/Mar/2020:06:20:48 -0700] "GET /ISCore/ButtonBarNavigation.js?688413185 HTTP/1.1" 200 880 1 0FDEEF4A9C61761545C5F6BF66B85F0A "https://test.immunespace.org/project/Studies/SDY269/begin.view?pageId=study.PARTICIPANTS" "Mozilla/5.0 (Windows NT 10.0; Win64; x64; rv:74.0) Gecko/20100101 Firefox/74.0" jkim2345@fredhutch.org ?688413185
66.85.48.6 - - [30/Mar/2020:06:20:49 -0700] "GET /project/HIPC/IS1/begin.view?pageId=Report HTTP/1.1" 200 27587 8054 9D120F4944EC83EC2CBA1286AB8D1088 "-" "Mozilla/5.0 (Windows NT 10.0; WOW64) AppleWebKit/537.36 (KHTML, like Gecko) Chrome/80.0.3987.87 Safari/537.36" jkim2345@fredhutch.org ?pageId=Report
66.85.48.6 - - [30/Mar/2020:06:20:49 -0700] "GET /HIPC/logo.image?revision=125 HTTP/1.1" 200 11837 1 9D120F4944EC83EC2CBA1286AB8D1088 "https://test.immunespace.org/project/HIPC/IS1/begin.view?pageId=Report" "Mozilla/5.0 (Windows NT 10.0; WOW64) AppleWebKit/537.36 (KHTML, like Gecko) Chrome/80.0.3987.87 Safari/537.36" jkim2345@fredhutch.org ?revision=125
66.85.48.6 - - [30/Mar/2020:06:20:49 -0700] "GET /HIPC/logo-mobile.image?revision=125 HTTP/1.1" 200 811 2 9D120F4944EC83EC2CBA1286AB8D1088 "https://test.immunespace.org/project/HIPC/IS1/begin.view?pageId=Report" "Mozilla/5.0 (Windows NT 10.0; WOW64) AppleWebKit/537.36 (KHTML, like Gecko) Chrome/80.0.3987.87 Safari/537.36" jkim2345@fredhutch.org ?revision=125
66.85.48.6 - - [30/Mar/2020:06:20:49 -0700] "GET /reports/HIPC/IS1/streamFile.view?deleteFile=false&sessionKey=temp%3A31753550-54b7-1038-96f8-6fef6368fc0b&cacheFile=true HTTP/1.1" 200 31037 45 9D120F4944EC83EC2CBA1286AB8D1088 "https://test.immunespace.org/project/HIPC/IS1/begin.view?pageId=Report" "Mozilla/5.0 (Windows NT 10.0; WOW64) AppleWebKit/537.36 (KHTML, like Gecko) Chrome/80.0.3987.87 Safari/537.36" jkim2345@fredhutch.org ?deleteFile=false&sessionKey=temp%3A31753550-54b7-1038-96f8-6fef6368fc0b&cacheFile=true
66.85.48.6 - - [30/Mar/2020:06:20:49 -0700] "GET /reports/HIPC/IS1/streamFile.view?deleteFile=false&sessionKey=temp%3A31753552-54b7-1038-96f8-6fef6368fc0b&cacheFile=true HTTP/1.1" 200 108 42 9D120F4944EC83EC2CBA1286AB8D1088 "https://test.immunespace.org/project/HIPC/IS1/begin.view?pageId=Report" "Mozilla/5.0 (Windows NT 10.0; WOW64) AppleWebKit/537.36 (KHTML, like Gecko) Chrome/80.0.3987.87 Safari/537.36" jkim2345@fredhutch.org ?deleteFile=false&sessionKey=temp%3A31753552-54b7-1038-96f8-6fef6368fc0b&cacheFile=true
66.85.48.6 - - [30/Mar/2020:06:20:49 -0700] "GET /reports/HIPC/IS1/streamFile.view?deleteFile=false&sessionKey=temp%3A31753551-54b7-1038-96f8-6fef6368fc0b&cacheFile=true HTTP/1.1" 200 97192 46 9D120F4944EC83EC2CBA1286AB8D1088 "https://test.immunespace.org/project/HIPC/IS1/begin.view?pageId=Report" "Mozilla/5.0 (Windows NT 10.0; WOW64) AppleWebKit/537.36 (KHTML, like Gecko) Chrome/80.0.3987.87 Safari/537.36" jkim2345@fredhutch.org ?deleteFile=false&sessionKey=temp%3A31753551-54b7-1038-96f8-6fef6368fc0b&cacheFile=true
66.85.48.4 - - [30/Mar/2020:06:20:49 -0700] "GET /_websocket/notifications HTTP/1.1" 101 - 2 0FDEEF4A9C61761545C5F6BF66B85F0A "-" "Mozilla/5.0 (Windows NT 10.0; Win64; x64; rv:74.0) Gecko/20100101 Firefox/74.0" jkim2345@fredhutch.org 
66.85.48.6 - - [30/Mar/2020:06:20:49 -0700] "GET /reports/HIPC/IS1/streamFile.view?deleteFile=false&sessionKey=temp%3A31753553-54b7-1038-96f8-6fef6368fc0b&cacheFile=true HTTP/1.1" 200 48694 46 9D120F4944EC83EC2CBA1286AB8D1088 "https://test.immunespace.org/project/HIPC/IS1/begin.view?pageId=Report" "Mozilla/5.0 (Windows NT 10.0; WOW64) AppleWebKit/537.36 (KHTML, like Gecko) Chrome/80.0.3987.87 Safari/537.36" jkim2345@fredhutch.org ?deleteFile=false&sessionKey=temp%3A31753553-54b7-1038-96f8-6fef6368fc0b&cacheFile=true
